// Jest Snapshot v1, https://goo.gl/fbAQLP

exports[`Should render Navbar correctly 1`] = `
Array [
  <div
    className="Navbar-top"
/>,
  <nav>
    <img
        alt="stukent"
        src="stukentLogo.png"
    />
</nav>,
]
`;
